[2026-10-01T14:21:42.927Z] Uscan Pre-Hook Scan — STARTED
[2026-10-01T14:21:42.927Z] Files queued: 40

[2026-10-01T14:21:42.927Z] SKIP  C:\Users\User\Downloads\TesTUscan\.uscan_reports\latest-report.html — Binary or unsupported type
[2026-10-01T14:21:42.927Z] SKIP  C:\Users\User\Downloads\TesTUscan\.uscan_reports\scan-2026-09-30T13-19-05-415Z.html — Binary or unsupported type
[2026-10-01T14:21:42.927Z] CLEAN C:\Users\User\Downloads\TesTUscan\.uscan_reports\scan-2026-09-30T13-19-05-415Z.json
[2026-10-01T14:21:42.927Z] SKIP  C:\Users\User\Downloads\TesTUscan\.uscan_reports\scan-2026-09-30T13-19-05-415Z.log — Binary or unsupported type
[2026-10-01T14:21:42.927Z] SKIP  C:\Users\User\Downloads\TesTUscan\.uscan_reports\scan-2026-09-30T13-24-10-644Z.html — Binary or unsupported type
[2026-10-01T14:21:42.927Z] CLEAN C:\Users\User\Downloads\TesTUscan\.uscan_reports\scan-2026-09-30T13-24-10-644Z.json
[2026-10-01T14:21:42.927Z] SKIP  C:\Users\User\Downloads\TesTUscan\.uscan_reports\scan-2026-09-30T13-24-10-644Z.log — Binary or unsupported type
[2026-10-01T14:21:42.927Z] SKIP  C:\Users\User\Downloads\TesTUscan\.uscan_reports\scan-2026-09-30T13-25-18-136Z.html — Binary or unsupported type
[2026-10-01T14:21:42.927Z] CLEAN C:\Users\User\Downloads\TesTUscan\.uscan_reports\scan-2026-09-30T13-25-18-136Z.json
[2026-10-01T14:21:42.927Z] SKIP  C:\Users\User\Downloads\TesTUscan\.uscan_reports\scan-2026-09-30T13-25-18-136Z.log — Binary or unsupported type
[2026-10-01T14:21:42.927Z] SKIP  C:\Users\User\Downloads\TesTUscan\.uscan_reports\scan-2026-09-30T13-55-49-426Z.html — Binary or unsupported type
[2026-10-01T14:21:42.927Z] CLEAN C:\Users\User\Downloads\TesTUscan\.uscan_reports\scan-2026-09-30T13-55-49-426Z.json
[2026-10-01T14:21:42.927Z] SKIP  C:\Users\User\Downloads\TesTUscan\.uscan_reports\scan-2026-09-30T13-55-49-426Z.log — Binary or unsupported type
[2026-10-01T14:21:42.927Z] SKIP  C:\Users\User\Downloads\TesTUscan\.uscan_reports\scan-2026-09-30T14-43-01-681Z.html — Binary or unsupported type
[2026-10-01T14:21:42.927Z] CLEAN C:\Users\User\Downloads\TesTUscan\.uscan_reports\scan-2026-09-30T14-43-01-681Z.json
[2026-10-01T14:21:42.927Z] SKIP  C:\Users\User\Downloads\TesTUscan\.uscan_reports\scan-2026-09-30T14-43-01-681Z.log — Binary or unsupported type
[2026-10-01T14:21:42.927Z] SKIP  C:\Users\User\Downloads\TesTUscan\.uscan_reports\scan-2026-09-30T14-45-49-919Z.html — Binary or unsupported type
[2026-10-01T14:21:42.927Z] CLEAN C:\Users\User\Downloads\TesTUscan\.uscan_reports\scan-2026-09-30T14-45-49-919Z.json
[2026-10-01T14:21:42.927Z] SKIP  C:\Users\User\Downloads\TesTUscan\.uscan_reports\scan-2026-09-30T14-45-49-919Z.log — Binary or unsupported type
[2026-10-01T14:21:42.927Z] SKIP  C:\Users\User\Downloads\TesTUscan\.uscan_reports\scan-2026-09-30T14-47-25-505Z.html — Binary or unsupported type
[2026-10-01T14:21:42.927Z] CLEAN C:\Users\User\Downloads\TesTUscan\.uscan_reports\scan-2026-09-30T14-47-25-505Z.json
[2026-10-01T14:21:42.927Z] SKIP  C:\Users\User\Downloads\TesTUscan\.uscan_reports\scan-2026-09-30T14-47-25-505Z.log — Binary or unsupported type
[2026-10-01T14:21:42.927Z] SKIP  C:\Users\User\Downloads\TesTUscan\.uscan_reports\scan-2026-09-30T14-55-45-523Z.html — Binary or unsupported type
[2026-10-01T14:21:42.927Z] CLEAN C:\Users\User\Downloads\TesTUscan\.uscan_reports\scan-2026-09-30T14-55-45-523Z.json
[2026-10-01T14:21:42.927Z] SKIP  C:\Users\User\Downloads\TesTUscan\.uscan_reports\scan-2026-09-30T14-55-45-523Z.log — Binary or unsupported type
[2026-10-01T14:21:42.927Z] SKIP  C:\Users\User\Downloads\TesTUscan\.uscan_reports\scan-2026-09-30T15-11-03-241Z.html — Binary or unsupported type
[2026-10-01T14:21:42.927Z] CLEAN C:\Users\User\Downloads\TesTUscan\.uscan_reports\scan-2026-09-30T15-11-03-241Z.json
[2026-10-01T14:21:42.927Z] SKIP  C:\Users\User\Downloads\TesTUscan\.uscan_reports\scan-2026-09-30T15-11-03-241Z.log — Binary or unsupported type
[2026-10-01T14:21:42.927Z] SKIP  C:\Users\User\Downloads\TesTUscan\.uscan_reports\scan-2026-09-30T15-35-36-749Z.html — Binary or unsupported type
[2026-10-01T14:21:42.927Z] CLEAN C:\Users\User\Downloads\TesTUscan\.uscan_reports\scan-2026-09-30T15-35-36-749Z.json
[2026-10-01T14:21:42.927Z] SKIP  C:\Users\User\Downloads\TesTUscan\.uscan_reports\scan-2026-09-30T15-35-36-749Z.log — Binary or unsupported type
[2026-10-01T14:21:42.927Z] SKIP  C:\Users\User\Downloads\TesTUscan\.uscan_reports\scan-2026-10-01T12-27-35-044Z.html — Binary or unsupported type
[2026-10-01T14:21:42.927Z] CLEAN C:\Users\User\Downloads\TesTUscan\.uscan_reports\scan-2026-10-01T12-27-35-044Z.json
[2026-10-01T14:21:42.927Z] SKIP  C:\Users\User\Downloads\TesTUscan\.uscan_reports\scan-2026-10-01T12-27-35-044Z.log — Binary or unsupported type
[2026-10-01T14:21:42.927Z] SKIP  C:\Users\User\Downloads\TesTUscan\.uscan_reports\scan-2026-10-01T12-52-38-602Z.html — Binary or unsupported type
[2026-10-01T14:21:42.927Z] CLEAN C:\Users\User\Downloads\TesTUscan\.uscan_reports\scan-2026-10-01T12-52-38-602Z.json
[2026-10-01T14:21:42.927Z] SKIP  C:\Users\User\Downloads\TesTUscan\.uscan_reports\scan-2026-10-01T12-52-38-602Z.log — Binary or unsupported type
[2026-10-01T14:21:42.927Z] CLEAN C:\Users\User\Downloads\TesTUscan\CreatingDepartureSteps.java
[2026-10-01T14:21:42.927Z] CLEAN C:\Users\User\Downloads\TesTUscan\Test.py
[2026-10-01T14:21:42.927Z] FLAG  C:\Users\User\Downloads\TesTUscan\TestData.js — 2 issue(s)
[2026-10-01T14:21:42.927Z]   [CRITICAL] Database Connection URL (Database) — 2 match(es) — line 22
[2026-10-01T14:21:42.927Z]     match: mong••••••••••••••••••••••
[2026-10-01T14:21:42.927Z]     match: redi••••••••••••••••••
[2026-10-01T14:21:42.927Z]   [MEDIUM] Email Address (PII) — 2 match(es) — line 6
[2026-10-01T14:21:42.927Z]     match: test•••••••••••••••••
[2026-10-01T14:21:42.927Z]     match: test•••••••••••••••••

[2026-10-01T14:21:42.927Z] SCAN COMPLETE — 2 issue(s) in 1 file(s)
[2026-10-01T14:21:42.927Z] Verdict: BLOCK COMMIT