[2026-09-30T14:45:49.930Z] Uscan Pre-Hook Scan — STARTED
[2026-09-30T14:45:49.930Z] Files queued: 18

[2026-09-30T14:45:49.930Z] SKIP  C:\Users\User\Downloads\TesTUscan\.uscan_reports\latest-report.html — Binary or unsupported type
[2026-09-30T14:45:49.930Z] SKIP  C:\Users\User\Downloads\TesTUscan\.uscan_reports\scan-2026-09-30T13-19-05-415Z.html — Binary or unsupported type
[2026-09-30T14:45:49.930Z] CLEAN C:\Users\User\Downloads\TesTUscan\.uscan_reports\scan-2026-09-30T13-19-05-415Z.json
[2026-09-30T14:45:49.930Z] SKIP  C:\Users\User\Downloads\TesTUscan\.uscan_reports\scan-2026-09-30T13-19-05-415Z.log — Binary or unsupported type
[2026-09-30T14:45:49.930Z] SKIP  C:\Users\User\Downloads\TesTUscan\.uscan_reports\scan-2026-09-30T13-24-10-644Z.html — Binary or unsupported type
[2026-09-30T14:45:49.930Z] CLEAN C:\Users\User\Downloads\TesTUscan\.uscan_reports\scan-2026-09-30T13-24-10-644Z.json
[2026-09-30T14:45:49.930Z] SKIP  C:\Users\User\Downloads\TesTUscan\.uscan_reports\scan-2026-09-30T13-24-10-644Z.log — Binary or unsupported type
[2026-09-30T14:45:49.930Z] SKIP  C:\Users\User\Downloads\TesTUscan\.uscan_reports\scan-2026-09-30T13-25-18-136Z.html — Binary or unsupported type
[2026-09-30T14:45:49.930Z] CLEAN C:\Users\User\Downloads\TesTUscan\.uscan_reports\scan-2026-09-30T13-25-18-136Z.json
[2026-09-30T14:45:49.930Z] SKIP  C:\Users\User\Downloads\TesTUscan\.uscan_reports\scan-2026-09-30T13-25-18-136Z.log — Binary or unsupported type
[2026-09-30T14:45:49.930Z] SKIP  C:\Users\User\Downloads\TesTUscan\.uscan_reports\scan-2026-09-30T13-55-49-426Z.html — Binary or unsupported type
[2026-09-30T14:45:49.930Z] CLEAN C:\Users\User\Downloads\TesTUscan\.uscan_reports\scan-2026-09-30T13-55-49-426Z.json
[2026-09-30T14:45:49.930Z] SKIP  C:\Users\User\Downloads\TesTUscan\.uscan_reports\scan-2026-09-30T13-55-49-426Z.log — Binary or unsupported type
[2026-09-30T14:45:49.930Z] SKIP  C:\Users\User\Downloads\TesTUscan\.uscan_reports\scan-2026-09-30T14-43-01-681Z.html — Binary or unsupported type
[2026-09-30T14:45:49.930Z] CLEAN C:\Users\User\Downloads\TesTUscan\.uscan_reports\scan-2026-09-30T14-43-01-681Z.json
[2026-09-30T14:45:49.930Z] SKIP  C:\Users\User\Downloads\TesTUscan\.uscan_reports\scan-2026-09-30T14-43-01-681Z.log — Binary or unsupported type
[2026-09-30T14:45:49.930Z] CLEAN C:\Users\User\Downloads\TesTUscan\CreatingDepartureSteps.java
[2026-09-30T14:45:49.930Z] CLEAN C:\Users\User\Downloads\TesTUscan\Test.py

[2026-09-30T14:45:49.930Z] SCAN COMPLETE — 0 issue(s) in 0 file(s)
[2026-09-30T14:45:49.930Z] Verdict: SAFE TO DEPLOY